2025-10-15 13:26:26,085 [INFO] 初始化预警数据上报引擎
2025-10-15 13:26:26,085 [INFO] 配置文件路径: d:\github\lianwei123\动态预警规则配置\config.json
2025-10-15 13:26:26,085 [INFO] 远程API地址: http://192.168.0.137:8023/intelligence-center/data-import/importAlarmData
2025-10-15 13:26:26,085 [INFO] ============================================================
2025-10-15 13:26:26,086 [INFO] 🚀 启动预警数据上报引擎
2025-10-15 13:26:26,086 [INFO] ============================================================
2025-10-15 13:26:26,086 [INFO] ✅ 成功加载 1 条启用的规则
2025-10-15 13:26:26,098 [INFO]   规则 1: 规则1 [HIGH] 时间范围: 10:00-18:00
2025-10-15 13:26:26,098 [INFO] ============================================================
2025-10-15 13:26:26,099 [INFO] 开始模拟数据生成和预警检测...
2025-10-15 13:26:26,099 [INFO] 按 Ctrl+C 停止程序
2025-10-15 13:26:26,099 [INFO] ============================================================
2025-10-15 13:26:26,099 [INFO] 📊 生成数据: 出口温度=7.69℃, 燃烧温度=318.75℃, 工况=maintenance
2025-10-15 13:26:26,099 [INFO] ⚠️ 触发预警规则: 规则1
2025-10-15 13:26:26,099 [INFO] 📤 正在上报预警数据...
2025-10-15 13:26:36,112 [ERROR] ❌ 预警数据上报超时
2025-10-15 13:26:41,112 [INFO] 📊 生成数据: 出口温度=92.20℃, 燃烧温度=297.42℃, 工况=running
2025-10-15 13:26:42,840 [INFO] 

收到停止信号，正在关闭...
2025-10-15 13:26:42,840 [INFO] 停止预警数据上报引擎
2025-10-15 13:26:42,840 [INFO] 程序已退出
